// Jest Snapshot v1, https://goo.gl/fbAQLP

exports[`Button matches snapshot 1`] = `
<button
  className="SettingsButton"
  onClick={[Function]}
>
  Endre tema
</button>
`;
